******************************************************************************
                  MSP430 Linker PC v4.2.1                      
******************************************************************************
>> Linked Sun Oct 27 17:47:52 2019

OUTPUT FILE NAME:   <CocktailMachine_MSP430.out>
ENTRY POINT SYMBOL: "_c_int00"  address: 0000c576


MEMORY CONFIGURATION

         name            origin    length      used     unused   attr    fill
----------------------  --------  ---------  --------  --------  ----  --------
  SFR                   00000000   00000010  00000000  00000010  RWIX
  PERIPHERALS_8BIT      00000010   000000f0  00000000  000000f0  RWIX
  PERIPHERALS_16BIT     00000100   00000100  00000000  00000100  RWIX
  RAM                   00000200   00000200  000000c6  0000013a  RWIX
  INFOD                 00001000   00000040  00000000  00000040  RWIX
  INFOC                 00001040   00000040  00000000  00000040  RWIX
  INFOB                 00001080   00000040  00000000  00000040  RWIX
  INFOA                 000010c0   00000040  00000000  00000040  RWIX
  FLASH                 0000c000   00003fe0  00000730  000038b0  RWIX
  INT00                 0000ffe0   00000002  00000000  00000002  RWIX
  INT01                 0000ffe2   00000002  00000000  00000002  RWIX
  INT02                 0000ffe4   00000002  00000002  00000000  RWIX
  INT03                 0000ffe6   00000002  00000002  00000000  RWIX
  INT04                 0000ffe8   00000002  00000000  00000002  RWIX
  INT05                 0000ffea   00000002  00000002  00000000  RWIX
  INT06                 0000ffec   00000002  00000002  00000000  RWIX
  INT07                 0000ffee   00000002  00000002  00000000  RWIX
  INT08                 0000fff0   00000002  00000002  00000000  RWIX
  INT09                 0000fff2   00000002  00000002  00000000  RWIX
  INT10                 0000fff4   00000002  00000002  00000000  RWIX
  INT11                 0000fff6   00000002  00000002  00000000  RWIX
  INT12                 0000fff8   00000002  00000002  00000000  RWIX
  INT13                 0000fffa   00000002  00000002  00000000  RWIX
  INT14                 0000fffc   00000002  00000002  00000000  RWIX
  RESET                 0000fffe   00000002  00000002  00000000  RWIX


SECTION ALLOCATION MAP

 output                                  attributes/
section   page    origin      length       input sections
--------  ----  ----------  ----------   ----------------
.sysmem    0    00000200    00000050     UNINITIALIZED
                  00000200    00000004     rts430_eabi.lib : memory.obj (.sysmem)
                  00000204    0000004c     --HOLE--

.bss       0    00000250    0000001c     UNINITIALIZED
                  00000250    00000010     main.obj (.bss)
                  00000260    00000002     (.common:__TI_cleanup_ptr)
                  00000262    00000002     (.common:__TI_dtors_ptr)
                  00000264    00000002     (.common:__dso_handle)
                  00000266    00000002     (.common:memsize)
                  00000268    00000002     (.common:sys_base)
                  0000026a    00000002     (.common:sys_free)

.TI.noinit 
*          0    00000250    00000000     UNINITIALIZED

.data      0    0000026c    0000000a     UNINITIALIZED
                  0000026c    00000004     rts430_eabi.lib : _lock.obj (.data)
                  00000270    00000002     main.obj (.data)
                  00000272    00000002     rts430_eabi.lib : dtor_list.obj (.data)
                  00000274    00000002                     : memory.obj (.data)

.TI.persistent 
*          0    0000026c    00000000     UNINITIALIZED

.stack     0    000003b0    00000050     UNINITIALIZED
                  000003b0    00000002     rts430_eabi.lib : boot.obj (.stack)
                  000003b2    0000004e     --HOLE--

.text      0    0000c000    00000686     
                  0000c000    00000126     rts430_eabi.lib : memory.obj (.text:realloc)
                  0000c126    000000a8                     : memory.obj (.text:malloc)
                  0000c1ce    00000080                     : memory.obj (.text:free)
                  0000c24e    0000006e     main.obj (.text:_Z11USCI0RX_ISRv)
                  0000c2bc    0000005e     rts430_eabi.lib : copy_decompress_rle.obj (.text:__TI_decompress_rle_core)
                  0000c31a    0000005e                     : autoinit.obj (.text:_auto_init)
                  0000c378    0000004e                     : dtor_list.obj (.text:__cxa_finalize)
                  0000c3c6    0000004c                     : dtor_list.obj (.text:_Z11__TI_atexitPFYvPvES_S_)
                  0000c412    0000004c     main.obj (.text:main)
                  0000c45e    00000038     rts430_eabi.lib : memory.obj (.text:minit)
                  0000c496    00000032     main.obj (.text:__sti___8_main_cpp_63d70ad7)
                  0000c4c8    0000002e     List.obj (.text:_ZN4List6appendEi)
                  0000c4f6    0000002e     List.obj (.text:_ZN4List6resizeEv)
                  0000c524    0000002a     rts430_eabi.lib : exit.obj (.text:exit)
                  0000c54e    00000028     List.obj (.text:_ZN4List4initEv)
                  0000c576    0000001c     rts430_eabi.lib : boot.obj (.text:_c_int00_noargs)
                  0000c592    0000001a     List.obj (.text:_ZN4ListD0Ev)
                  0000c5ac    00000018     List.obj (.text:_ZN4ListC1Ev)
                  0000c5c4    00000018     List.obj (.text:_ZN4ListD1Ev)
                  0000c5dc    00000014     rts430_eabi.lib : copy_zero_init.obj (.text:decompress:ZI:__TI_zero_init)
                  0000c5f0    00000012     List.obj (.text:_ZN4List5clearEv)
                  0000c602    00000012     rts430_eabi.lib : copy_decompress_none.obj (.text:decompress:none:__TI_decompress_none)
                  0000c614    00000012                     : memcpy.obj (.text:memcpy)
                  0000c626    00000010                     : epilog.obj (.text)
                  0000c636    0000000e     List.obj (.text:_ZN4List7getSizeEv)
                  0000c644    0000000a     rts430_eabi.lib : typeinfo_.obj (.text:_ZN10__cxxabiv117__class_type_infoD0Ev)
                  0000c64e    0000000a                     : typeinfo_.obj (.text:_ZN10__cxxabiv120__si_class_type_infoD0Ev)
                  0000c658    0000000a                     : delete.obj (.text:_ZdlPv)
                  0000c662    00000006                     : isr_trap.obj (.text:__TI_ISR_TRAP)
                  0000c668    00000006                     : dtor_list.obj (.text:__cxa_ia64_exit)
                  0000c66e    00000006                     : copy_decompress_rle.obj (.text:decompress:rle24:__TI_decompress_rle24)
                  0000c674    00000004                     : dtor_list.obj (.text:__cxa_atexit)
                  0000c678    00000004                     : pre_init.obj (.text:_system_pre_init)
                  0000c67c    00000004                     : exit.obj (.text:abort)
                  0000c680    00000002                     : typeinfo_.obj (.text:_ZN10__cxxabiv117__class_type_infoD1Ev)
                  0000c682    00000002                     : typeinfo_.obj (.text:_ZN10__cxxabiv120__si_class_type_infoD1Ev)
                  0000c684    00000002                     : _lock.obj (.text:_nop)

.const     0    0000c686    00000088     
                  0000c686    00000025     rts430_eabi.lib : typeinfo_.obj (.const:.typeinfo:_ZTSN10__cxxabiv120__si_class_type_infoE)
                  0000c6ab    00000001     --HOLE-- [fill = 0]
                  0000c6ac    00000022                     : typeinfo_.obj (.const:.typeinfo:_ZTSN10__cxxabiv117__class_type_infoE)
                  0000c6ce    0000000d                     : typeinfo_.obj (.const:.typeinfo:_ZTSSt9type_info)
                  0000c6db    00000001     --HOLE-- [fill = 0]
                  0000c6dc    00000008     List.obj (.const:_ZTV4List)
                  0000c6e4    00000008     rts430_eabi.lib : typeinfo_.obj (.const:_ZTVN10__cxxabiv117__class_type_infoE)
                  0000c6ec    00000008                     : typeinfo_.obj (.const:_ZTVN10__cxxabiv120__si_class_type_infoE)
                  0000c6f4    00000006                     : typeinfo_.obj (.const:.typeinfo:_ZTIN10__cxxabiv117__class_type_infoE)
                  0000c6fa    00000006                     : typeinfo_.obj (.const:.typeinfo:_ZTIN10__cxxabiv120__si_class_type_infoE)
                  0000c700    00000006     List.obj (.const:.typeinfo:_ZTS4List)
                  0000c706    00000004     List.obj (.const:.typeinfo:_ZTI4List)
                  0000c70a    00000004     rts430_eabi.lib : typeinfo_.obj (.const:.typeinfo:_ZTISt9type_info)

.init_array 
*          0    0000c70e    00000002     
                  0000c70e    00000002     main.obj (.init_array)

.cinit     0    0000c710    00000020     
                  0000c710    0000000e     (.cinit..data.load) [load image]
                  0000c71e    00000006     (__TI_handler_table)
                  0000c724    00000004     (.cinit..bss.load) [load image, compression = zero_init]
                  0000c728    00000008     (__TI_cinit_table)

PORT1      0    0000ffe4    00000002     
                  0000ffe4    00000002     rts430_eabi.lib : int02.obj (.int02)

PORT2      0    0000ffe6    00000002     
                  0000ffe6    00000002     rts430_eabi.lib : int03.obj (.int03)

ADC10      0    0000ffea    00000002     
                  0000ffea    00000002     rts430_eabi.lib : int05.obj (.int05)

USCIAB0TX 
*          0    0000ffec    00000002     
                  0000ffec    00000002     rts430_eabi.lib : int06.obj (.int06)

USCIAB0RX 
*          0    0000ffee    00000002     
                  0000ffee    00000002     main.obj (.int07)

TIMER0_A1 
*          0    0000fff0    00000002     
                  0000fff0    00000002     rts430_eabi.lib : int08.obj (.int08)

TIMER0_A0 
*          0    0000fff2    00000002     
                  0000fff2    00000002     rts430_eabi.lib : int09.obj (.int09)

WDT        0    0000fff4    00000002     
                  0000fff4    00000002     rts430_eabi.lib : int10.obj (.int10)

COMPARATORA 
*          0    0000fff6    00000002     
                  0000fff6    00000002     rts430_eabi.lib : int11.obj (.int11)

TIMER1_A1 
*          0    0000fff8    00000002     
                  0000fff8    00000002     rts430_eabi.lib : int12.obj (.int12)

TIMER1_A0 
*          0    0000fffa    00000002     
                  0000fffa    00000002     rts430_eabi.lib : int13.obj (.int13)

NMI        0    0000fffc    00000002     
                  0000fffc    00000002     rts430_eabi.lib : int14.obj (.int14)

.reset     0    0000fffe    00000002     
                  0000fffe    00000002     rts430_eabi.lib : boot.obj (.reset)


LINKER GENERATED COPY TABLES

__TI_cinit_table @ 0000c728 records: 2, size/record: 4, table size: 8
	.data: load addr=0000c710, load size=0000000e bytes, run addr=0000026c, run size=0000000a bytes, compression=copy
	.bss: load addr=0000c724, load size=00000004 bytes, run addr=00000250, run size=0000001c bytes, compression=zero_init


LINKER GENERATED HANDLER TABLE

__TI_handler_table @ 0000c71e records: 3, size/record: 2, table size: 6
	index: 0, handler: __TI_zero_init
	index: 1, handler: __TI_decompress_rle24
	index: 2, handler: __TI_decompress_none


GLOBAL SYMBOLS: SORTED ALPHABETICALLY BY Name 

address    name
--------   ----
0000004a   ADC10AE0
000001b0   ADC10CTL0
000001b2   ADC10CTL1
00000048   ADC10DTC0
00000049   ADC10DTC1
000001b4   ADC10MEM
000001bc   ADC10SA
00000057   BCSCTL1
00000058   BCSCTL2
00000053   BCSCTL3
0000c67c   C$$EXIT
00000059   CACTL1
0000005a   CACTL2
000010fb   CALBC1_12MHZ
000010f9   CALBC1_16MHZ
000010ff   CALBC1_1MHZ
000010fd   CALBC1_8MHZ
000010fa   CALDCO_12MHZ
000010f8   CALDCO_16MHZ
000010fe   CALDCO_1MHZ
000010fc   CALDCO_8MHZ
0000005b   CAPD
00000056   DCOCTL
00000128   FCTL1
0000012a   FCTL2
0000012c   FCTL3
00000000   IE1
00000001   IE2
00000002   IFG1
00000003   IFG2
00000022   P1DIR
00000025   P1IE
00000024   P1IES
00000023   P1IFG
00000020   P1IN
00000021   P1OUT
00000027   P1REN
00000026   P1SEL
00000041   P1SEL2
0000002a   P2DIR
0000002d   P2IE
0000002c   P2IES
0000002b   P2IFG
00000028   P2IN
00000029   P2OUT
0000002f   P2REN
0000002e   P2SEL
00000042   P2SEL2
0000001a   P3DIR
00000018   P3IN
00000019   P3OUT
00000010   P3REN
0000001b   P3SEL
00000043   P3SEL2
00000172   TA0CCR0
00000174   TA0CCR1
00000176   TA0CCR2
00000162   TA0CCTL0
00000164   TA0CCTL1
00000166   TA0CCTL2
00000160   TA0CTL
0000012e   TA0IV
00000170   TA0R
00000192   TA1CCR0
00000194   TA1CCR1
00000196   TA1CCR2
00000182   TA1CCTL0
00000184   TA1CCTL1
00000186   TA1CCTL2
00000180   TA1CTL
0000011e   TA1IV
00000190   TA1R
0000005d   UCA0ABCTL
00000062   UCA0BR0
00000063   UCA0BR1
00000060   UCA0CTL0
00000061   UCA0CTL1
0000005f   UCA0IRRCTL
0000005e   UCA0IRTCTL
00000064   UCA0MCTL
00000066   UCA0RXBUF
00000065   UCA0STAT
00000067   UCA0TXBUF
0000006a   UCB0BR0
0000006b   UCB0BR1
00000068   UCB0CTL0
00000069   UCB0CTL1
0000006c   UCB0I2CIE
00000118   UCB0I2COA
0000011a   UCB0I2CSA
0000006e   UCB0RXBUF
0000006d   UCB0STAT
0000006f   UCB0TXBUF
00000120   WDTCTL
0000c24e   _Z11USCI0RX_ISRv
0000c644   _ZN10__cxxabiv117__class_type_infoD0Ev
0000c680   _ZN10__cxxabiv117__class_type_infoD1Ev
0000c680   _ZN10__cxxabiv117__class_type_infoD2Ev
0000c64e   _ZN10__cxxabiv120__si_class_type_infoD0Ev
0000c682   _ZN10__cxxabiv120__si_class_type_infoD1Ev
0000c682   _ZN10__cxxabiv120__si_class_type_infoD2Ev
0000c54e   _ZN4List4initEv
0000c5f0   _ZN4List5clearEv
0000c4c8   _ZN4List6appendEi
0000c4f6   _ZN4List6resizeEv
0000c636   _ZN4List7getSizeEv
0000c5ac   _ZN4ListC1Ev
0000c5ac   _ZN4ListC2Ev
0000c592   _ZN4ListD0Ev
0000c5c4   _ZN4ListD1Ev
0000c5c4   _ZN4ListD2Ev
0000c706   _ZTI4List
0000c6f4   _ZTIN10__cxxabiv117__class_type_infoE
0000c6fa   _ZTIN10__cxxabiv120__si_class_type_infoE
0000c70a   _ZTISt9type_info
0000c700   _ZTS4List
0000c6ac   _ZTSN10__cxxabiv117__class_type_infoE
0000c686   _ZTSN10__cxxabiv120__si_class_type_infoE
0000c6ce   _ZTSSt9type_info
0000c6dc   _ZTV4List
0000c6e4   _ZTVN10__cxxabiv117__class_type_infoE
0000c6ec   _ZTVN10__cxxabiv120__si_class_type_infoE
0000c658   _ZdlPv
00000400   __STACK_END
00000050   __STACK_SIZE
00000050   __SYSMEM_SIZE
0000c728   __TI_CINIT_Base
0000c730   __TI_CINIT_Limit
0000c71e   __TI_Handler_Table_Base
0000c724   __TI_Handler_Table_Limit
0000c70e   __TI_INITARRAY_Base
0000c710   __TI_INITARRAY_Limit
0000c662   __TI_ISR_TRAP
00000001   __TI_args_main
00000260   __TI_cleanup_ptr
0000c602   __TI_decompress_none
0000c66e   __TI_decompress_rle24
00000262   __TI_dtors_ptr
00000001   __TI_exit
0000ffe4   __TI_int02
0000ffe6   __TI_int03
0000ffea   __TI_int05
0000ffec   __TI_int06
0000ffee   __TI_int07
0000fff0   __TI_int08
0000fff2   __TI_int09
0000fff4   __TI_int10
0000fff6   __TI_int11
0000fff8   __TI_int12
0000fffa   __TI_int13
0000fffc   __TI_int14
0000c5dc   __TI_zero_init
ffffffff   __binit__
ffffffff   __c_args__
0000c674   __cxa_atexit
0000c378   __cxa_finalize
0000c668   __cxa_ia64_exit
00000264   __dso_handle
0000c632   __mspabi_func_epilog_1
0000c630   __mspabi_func_epilog_2
0000c62e   __mspabi_func_epilog_3
0000c62c   __mspabi_func_epilog_4
0000c62a   __mspabi_func_epilog_5
0000c628   __mspabi_func_epilog_6
0000c626   __mspabi_func_epilog_7
0000c496   __sti___8_main_cpp_63d70ad7
0000c31a   _auto_init
0000c576   _c_int00
0000c576   _c_int00_noargs
0000026c   _lock
0000c684   _nop
0000fffe   _reset_vector
000003b0   _stack
00000200   _sys_memory
0000c678   _system_pre_init
0000026e   _unlock
0000c67c   abort
ffffffff   binit
00000258   bluetoothDataParsed
00000250   bluetoothDataRaw
0000c524   exit
0000c1ce   free
0000c412   main
0000c126   malloc
0000c614   memcpy
0000c45e   minit
0000c000   realloc


GLOBAL SYMBOLS: SORTED BY Symbol Address 

address    name
--------   ----
00000000   IE1
00000001   IE2
00000001   __TI_args_main
00000001   __TI_exit
00000002   IFG1
00000003   IFG2
00000010   P3REN
00000018   P3IN
00000019   P3OUT
0000001a   P3DIR
0000001b   P3SEL
00000020   P1IN
00000021   P1OUT
00000022   P1DIR
00000023   P1IFG
00000024   P1IES
00000025   P1IE
00000026   P1SEL
00000027   P1REN
00000028   P2IN
00000029   P2OUT
0000002a   P2DIR
0000002b   P2IFG
0000002c   P2IES
0000002d   P2IE
0000002e   P2SEL
0000002f   P2REN
00000041   P1SEL2
00000042   P2SEL2
00000043   P3SEL2
00000048   ADC10DTC0
00000049   ADC10DTC1
0000004a   ADC10AE0
00000050   __STACK_SIZE
00000050   __SYSMEM_SIZE
00000053   BCSCTL3
00000056   DCOCTL
00000057   BCSCTL1
00000058   BCSCTL2
00000059   CACTL1
0000005a   CACTL2
0000005b   CAPD
0000005d   UCA0ABCTL
0000005e   UCA0IRTCTL
0000005f   UCA0IRRCTL
00000060   UCA0CTL0
00000061   UCA0CTL1
00000062   UCA0BR0
00000063   UCA0BR1
00000064   UCA0MCTL
00000065   UCA0STAT
00000066   UCA0RXBUF
00000067   UCA0TXBUF
00000068   UCB0CTL0
00000069   UCB0CTL1
0000006a   UCB0BR0
0000006b   UCB0BR1
0000006c   UCB0I2CIE
0000006d   UCB0STAT
0000006e   UCB0RXBUF
0000006f   UCB0TXBUF
00000118   UCB0I2COA
0000011a   UCB0I2CSA
0000011e   TA1IV
00000120   WDTCTL
00000128   FCTL1
0000012a   FCTL2
0000012c   FCTL3
0000012e   TA0IV
00000160   TA0CTL
00000162   TA0CCTL0
00000164   TA0CCTL1
00000166   TA0CCTL2
00000170   TA0R
00000172   TA0CCR0
00000174   TA0CCR1
00000176   TA0CCR2
00000180   TA1CTL
00000182   TA1CCTL0
00000184   TA1CCTL1
00000186   TA1CCTL2
00000190   TA1R
00000192   TA1CCR0
00000194   TA1CCR1
00000196   TA1CCR2
000001b0   ADC10CTL0
000001b2   ADC10CTL1
000001b4   ADC10MEM
000001bc   ADC10SA
00000200   _sys_memory
00000250   bluetoothDataRaw
00000258   bluetoothDataParsed
00000260   __TI_cleanup_ptr
00000262   __TI_dtors_ptr
00000264   __dso_handle
0000026c   _lock
0000026e   _unlock
000003b0   _stack
00000400   __STACK_END
000010f8   CALDCO_16MHZ
000010f9   CALBC1_16MHZ
000010fa   CALDCO_12MHZ
000010fb   CALBC1_12MHZ
000010fc   CALDCO_8MHZ
000010fd   CALBC1_8MHZ
000010fe   CALDCO_1MHZ
000010ff   CALBC1_1MHZ
0000c000   realloc
0000c126   malloc
0000c1ce   free
0000c24e   _Z11USCI0RX_ISRv
0000c31a   _auto_init
0000c378   __cxa_finalize
0000c412   main
0000c45e   minit
0000c496   __sti___8_main_cpp_63d70ad7
0000c4c8   _ZN4List6appendEi
0000c4f6   _ZN4List6resizeEv
0000c524   exit
0000c54e   _ZN4List4initEv
0000c576   _c_int00
0000c576   _c_int00_noargs
0000c592   _ZN4ListD0Ev
0000c5ac   _ZN4ListC1Ev
0000c5ac   _ZN4ListC2Ev
0000c5c4   _ZN4ListD1Ev
0000c5c4   _ZN4ListD2Ev
0000c5dc   __TI_zero_init
0000c5f0   _ZN4List5clearEv
0000c602   __TI_decompress_none
0000c614   memcpy
0000c626   __mspabi_func_epilog_7
0000c628   __mspabi_func_epilog_6
0000c62a   __mspabi_func_epilog_5
0000c62c   __mspabi_func_epilog_4
0000c62e   __mspabi_func_epilog_3
0000c630   __mspabi_func_epilog_2
0000c632   __mspabi_func_epilog_1
0000c636   _ZN4List7getSizeEv
0000c644   _ZN10__cxxabiv117__class_type_infoD0Ev
0000c64e   _ZN10__cxxabiv120__si_class_type_infoD0Ev
0000c658   _ZdlPv
0000c662   __TI_ISR_TRAP
0000c668   __cxa_ia64_exit
0000c66e   __TI_decompress_rle24
0000c674   __cxa_atexit
0000c678   _system_pre_init
0000c67c   C$$EXIT
0000c67c   abort
0000c680   _ZN10__cxxabiv117__class_type_infoD1Ev
0000c680   _ZN10__cxxabiv117__class_type_infoD2Ev
0000c682   _ZN10__cxxabiv120__si_class_type_infoD1Ev
0000c682   _ZN10__cxxabiv120__si_class_type_infoD2Ev
0000c684   _nop
0000c686   _ZTSN10__cxxabiv120__si_class_type_infoE
0000c6ac   _ZTSN10__cxxabiv117__class_type_infoE
0000c6ce   _ZTSSt9type_info
0000c6dc   _ZTV4List
0000c6e4   _ZTVN10__cxxabiv117__class_type_infoE
0000c6ec   _ZTVN10__cxxabiv120__si_class_type_infoE
0000c6f4   _ZTIN10__cxxabiv117__class_type_infoE
0000c6fa   _ZTIN10__cxxabiv120__si_class_type_infoE
0000c700   _ZTS4List
0000c706   _ZTI4List
0000c70a   _ZTISt9type_info
0000c70e   __TI_INITARRAY_Base
0000c710   __TI_INITARRAY_Limit
0000c71e   __TI_Handler_Table_Base
0000c724   __TI_Handler_Table_Limit
0000c728   __TI_CINIT_Base
0000c730   __TI_CINIT_Limit
0000ffe4   __TI_int02
0000ffe6   __TI_int03
0000ffea   __TI_int05
0000ffec   __TI_int06
0000ffee   __TI_int07
0000fff0   __TI_int08
0000fff2   __TI_int09
0000fff4   __TI_int10
0000fff6   __TI_int11
0000fff8   __TI_int12
0000fffa   __TI_int13
0000fffc   __TI_int14
0000fffe   _reset_vector
ffffffff   __binit__
ffffffff   __c_args__
ffffffff   binit

[187 symbols]
